<?xml version="1.0" encoding="UTF-8"?>
<testsuites name="CandyWarz Tests" tests="5" failures="0" errors="0" time="3.906">
  <testsuite name="Title Screen Navigation" errors="0" failures="0" skipped="0" timestamp="2025-09-12T02:16:23" time="3.63" tests="5">
    <testcase classname="Title Screen Navigation Continue Button Navigation" name="should call dismissAll and replace with market route when Continue is pressed" time="0.005">
    </testcase>
    <testcase classname="Title Screen Navigation Continue Button Navigation" name="should call dismissAll and replace for new game navigation" time="0.001">
    </testcase>
    <testcase classname="Title Screen Navigation Continue Button Navigation" name="should not create navigation loops" time="0.002">
    </testcase>
    <testcase classname="Title Screen Navigation Settings Button Navigation" name="should navigate to settings tab when Settings is pressed" time="0.001">
    </testcase>
    <testcase classname="Title Screen Navigation Navigation Stack Management" name="should clear navigation stack before navigating to market" time="0.001">
    </testcase>
  </testsuite>
</testsuites>